\! gpconfig -c shared_preload_libraries -v diskquota > /dev/null
-- end_ignore
\! echo $?
0
\! gpconfig -c diskquota.monitor_databases -v contrib_regression > /dev/null
-- end_ignore
\! echo $?
0
-- start_ignore
\! gpstop -rai > /dev/null
-- end_ignore
\! echo $?
0
\! sleep 10
