create extension diskquota;
select pg_sleep(1);
 pg_sleep 
----------
 
(1 row)

\! cp data/csmall.txt /tmp/csmall.txt
select pg_sleep(5);
 pg_sleep 
----------
 
(1 row)

-- prepare a schema that has reached quota limit
create schema badquota;
select diskquota.set_schema_quota('badquota', '1 MB');
 set_schema_quota 
------------------
 
(1 row)

create role testbody;
NOTICE:  resource queue required -- using default resource queue "pg_default"
create table badquota.t1(i int);
NOTICE:  Table doesn't have 'DISTRIBUTED BY' clause -- Using column named 'i' as the Greenplum Database data distribution key for this table.
HINT:  The 'DISTRIBUTED BY' clause determines the distribution of data. Make sure column(s) chosen are the optimal data distribution key to minimize skew.
alter table badquota.t1 owner to testbody;
insert into badquota.t1 select generate_series(0, 50000);
select pg_sleep(5);
 pg_sleep 
----------
 
(1 row)

insert into badquota.t1 select generate_series(0, 10);
ERROR:  schema's disk space quota exceeded with name:badquota
