select count(1) from gp_segment_configuration;
 count 
-------
 8     
(1 row)
select dbid, content, role from gp_segment_configuration where status='d' order by dbid;
 dbid | content | role 
------+---------+------
(0 rows)
